// Jest Snapshot v1, https://goo.gl/fbAQLP

exports[`Home renders correctly 1`] = `
Array [
  <h3>
    Currency
  </h3>,
  <div
    className="list-group"
    onKeyDown={[Function]}
  >
    <div
      className="list-group-item"
      data-rr-ui-event-key={null}
      onClick={[Function]}
    >
      <h5>
        Bitcoins
      </h5>
      <p>
        btc
      </p>
    </div>
  </div>,
]
`;
